// Jest Snapshot v1, https://goo.gl/fbAQLP

exports[`snapshot snapshot 1`] = `
initialize {
  "0": Object {
    "attribs": Object {
      "class": "App",
    },
    "children": Array [
      Object {
        "attribs": Object {
          "class": "App-header",
        },
        "children": Array [
          Object {
            "attribs": Object {
              "alt": "logo",
              "class": "App-logo",
              "src": "logo.svg",
            },
            "children": Array [],
            "name": "img",
            "namespace": "http://www.w3.org/1999/xhtml",
            "next": Object {
              "attribs": Object {},
              "children": Array [
                Object {
                  "data": "Edit ",
                  "next": Object {
                    "attribs": Object {},
                    "children": Array [
                      Object {
                        "data": "src/App.tsx",
                        "next": null,
                        "parent": [Circular],
                        "prev": null,
                        "type": "text",
                      },
                    ],
                    "name": "code",
                    "namespace": "http://www.w3.org/1999/xhtml",
                    "next": Object {
                      "data": " and save to reload.",
                      "next": null,
                      "parent": [Circular],
                      "prev": [Circular],
                      "type": "text",
                    },
                    "parent": [Circular],
                    "prev": [Circular],
                    "type": "tag",
                    "x-attribsNamespace": Object {},
                    "x-attribsPrefix": Object {},
                  },
                  "parent": [Circular],
                  "prev": null,
                  "type": "text",
                },
                Object {
                  "attribs": Object {},
                  "children": Array [
                    Object {
                      "data": "src/App.tsx",
                      "next": null,
                      "parent": [Circular],
                      "prev": null,
                      "type": "text",
                    },
                  ],
                  "name": "code",
                  "namespace": "http://www.w3.org/1999/xhtml",
                  "next": Object {
                    "data": " and save to reload.",
                    "next": null,
                    "parent": [Circular],
                    "prev": [Circular],
                    "type": "text",
                  },
                  "parent": [Circular],
                  "prev": Object {
                    "data": "Edit ",
                    "next": [Circular],
                    "parent": [Circular],
                    "prev": null,
                    "type": "text",
                  },
                  "type": "tag",
                  "x-attribsNamespace": Object {},
                  "x-attribsPrefix": Object {},
                },
                Object {
                  "data": " and save to reload.",
                  "next": null,
                  "parent": [Circular],
                  "prev": Object {
                    "attribs": Object {},
                    "children": Array [
                      Object {
                        "data": "src/App.tsx",
                        "next": null,
                        "parent": [Circular],
                        "prev": null,
                        "type": "text",
                      },
                    ],
                    "name": "code",
                    "namespace": "http://www.w3.org/1999/xhtml",
                    "next": [Circular],
                    "parent": [Circular],
                    "prev": Object {
                      "data": "Edit ",
                      "next": [Circular],
                      "parent": [Circular],
                      "prev": null,
                      "type": "text",
                    },
                    "type": "tag",
                    "x-attribsNamespace": Object {},
                    "x-attribsPrefix": Object {},
                  },
                  "type": "text",
                },
              ],
              "name": "p",
              "namespace": "http://www.w3.org/1999/xhtml",
              "next": Object {
                "attribs": Object {
                  "class": "App-link",
                  "href": "https://reactjs.org",
                  "rel": "noopener noreferrer",
                  "target": "_blank",
                },
                "children": Array [
                  Object {
                    "data": "Learn React",
                    "next": null,
                    "parent": [Circular],
                    "prev": null,
                    "type": "text",
                  },
                ],
                "name": "a",
                "namespace": "http://www.w3.org/1999/xhtml",
                "next": null,
                "parent": [Circular],
                "prev": [Circular],
                "type": "tag",
                "x-attribsNamespace": Object {
                  "class": undefined,
                  "href": undefined,
                  "rel": undefined,
                  "target": undefined,
                },
                "x-attribsPrefix": Object {
                  "class": undefined,
                  "href": undefined,
                  "rel": undefined,
                  "target": undefined,
                },
              },
              "parent": [Circular],
              "prev": [Circular],
              "type": "tag",
              "x-attribsNamespace": Object {},
              "x-attribsPrefix": Object {},
            },
            "parent": [Circular],
            "prev": null,
            "type": "tag",
            "x-attribsNamespace": Object {
              "alt": undefined,
              "class": undefined,
              "src": undefined,
            },
            "x-attribsPrefix": Object {
              "alt": undefined,
              "class": undefined,
              "src": undefined,
            },
          },
          Object {
            "attribs": Object {},
            "children": Array [
              Object {
                "data": "Edit ",
                "next": Object {
                  "attribs": Object {},
                  "children": Array [
                    Object {
                      "data": "src/App.tsx",
                      "next": null,
                      "parent": [Circular],
                      "prev": null,
                      "type": "text",
                    },
                  ],
                  "name": "code",
                  "namespace": "http://www.w3.org/1999/xhtml",
                  "next": Object {
                    "data": " and save to reload.",
                    "next": null,
                    "parent": [Circular],
                    "prev": [Circular],
                    "type": "text",
                  },
                  "parent": [Circular],
                  "prev": [Circular],
                  "type": "tag",
                  "x-attribsNamespace": Object {},
                  "x-attribsPrefix": Object {},
                },
                "parent": [Circular],
                "prev": null,
                "type": "text",
              },
              Object {
                "attribs": Object {},
                "children": Array [
                  Object {
                    "data": "src/App.tsx",
                    "next": null,
                    "parent": [Circular],
                    "prev": null,
                    "type": "text",
                  },
                ],
                "name": "code",
                "namespace": "http://www.w3.org/1999/xhtml",
                "next": Object {
                  "data": " and save to reload.",
                  "next": null,
                  "parent": [Circular],
                  "prev": [Circular],
                  "type": "text",
                },
                "parent": [Circular],
                "prev": Object {
                  "data": "Edit ",
                  "next": [Circular],
                  "parent": [Circular],
                  "prev": null,
                  "type": "text",
                },
                "type": "tag",
                "x-attribsNamespace": Object {},
                "x-attribsPrefix": Object {},
              },
              Object {
                "data": " and save to reload.",
                "next": null,
                "parent": [Circular],
                "prev": Object {
                  "attribs": Object {},
                  "children": Array [
                    Object {
                      "data": "src/App.tsx",
                      "next": null,
                      "parent": [Circular],
                      "prev": null,
                      "type": "text",
                    },
                  ],
                  "name": "code",
                  "namespace": "http://www.w3.org/1999/xhtml",
                  "next": [Circular],
                  "parent": [Circular],
                  "prev": Object {
                    "data": "Edit ",
                    "next": [Circular],
                    "parent": [Circular],
                    "prev": null,
                    "type": "text",
                  },
                  "type": "tag",
                  "x-attribsNamespace": Object {},
                  "x-attribsPrefix": Object {},
                },
                "type": "text",
              },
            ],
            "name": "p",
            "namespace": "http://www.w3.org/1999/xhtml",
            "next": Object {
              "attribs": Object {
                "class": "App-link",
                "href": "https://reactjs.org",
                "rel": "noopener noreferrer",
                "target": "_blank",
              },
              "children": Array [
                Object {
                  "data": "Learn React",
                  "next": null,
                  "parent": [Circular],
                  "prev": null,
                  "type": "text",
                },
              ],
              "name": "a",
              "namespace": "http://www.w3.org/1999/xhtml",
              "next": null,
              "parent": [Circular],
              "prev": [Circular],
              "type": "tag",
              "x-attribsNamespace": Object {
                "class": undefined,
                "href": undefined,
                "rel": undefined,
                "target": undefined,
              },
              "x-attribsPrefix": Object {
                "class": undefined,
                "href": undefined,
                "rel": undefined,
                "target": undefined,
              },
            },
            "parent": [Circular],
            "prev": Object {
              "attribs": Object {
                "alt": "logo",
                "class": "App-logo",
                "src": "logo.svg",
              },
              "children": Array [],
              "name": "img",
              "namespace": "http://www.w3.org/1999/xhtml",
              "next": [Circular],
              "parent": [Circular],
              "prev": null,
              "type": "tag",
              "x-attribsNamespace": Object {
                "alt": undefined,
                "class": undefined,
                "src": undefined,
              },
              "x-attribsPrefix": Object {
                "alt": undefined,
                "class": undefined,
                "src": undefined,
              },
            },
            "type": "tag",
            "x-attribsNamespace": Object {},
            "x-attribsPrefix": Object {},
          },
          Object {
            "attribs": Object {
              "class": "App-link",
              "href": "https://reactjs.org",
              "rel": "noopener noreferrer",
              "target": "_blank",
            },
            "children": Array [
              Object {
                "data": "Learn React",
                "next": null,
                "parent": [Circular],
                "prev": null,
                "type": "text",
              },
            ],
            "name": "a",
            "namespace": "http://www.w3.org/1999/xhtml",
            "next": null,
            "parent": [Circular],
            "prev": Object {
              "attribs": Object {},
              "children": Array [
                Object {
                  "data": "Edit ",
                  "next": Object {
                    "attribs": Object {},
                    "children": Array [
                      Object {
                        "data": "src/App.tsx",
                        "next": null,
                        "parent": [Circular],
                        "prev": null,
                        "type": "text",
                      },
                    ],
                    "name": "code",
                    "namespace": "http://www.w3.org/1999/xhtml",
                    "next": Object {
                      "data": " and save to reload.",
                      "next": null,
                      "parent": [Circular],
                      "prev": [Circular],
                      "type": "text",
                    },
                    "parent": [Circular],
                    "prev": [Circular],
                    "type": "tag",
                    "x-attribsNamespace": Object {},
                    "x-attribsPrefix": Object {},
                  },
                  "parent": [Circular],
                  "prev": null,
                  "type": "text",
                },
                Object {
                  "attribs": Object {},
                  "children": Array [
                    Object {
                      "data": "src/App.tsx",
                      "next": null,
                      "parent": [Circular],
                      "prev": null,
                      "type": "text",
                    },
                  ],
                  "name": "code",
                  "namespace": "http://www.w3.org/1999/xhtml",
                  "next": Object {
                    "data": " and save to reload.",
                    "next": null,
                    "parent": [Circular],
                    "prev": [Circular],
                    "type": "text",
                  },
                  "parent": [Circular],
                  "prev": Object {
                    "data": "Edit ",
                    "next": [Circular],
                    "parent": [Circular],
                    "prev": null,
                    "type": "text",
                  },
                  "type": "tag",
                  "x-attribsNamespace": Object {},
                  "x-attribsPrefix": Object {},
                },
                Object {
                  "data": " and save to reload.",
                  "next": null,
                  "parent": [Circular],
                  "prev": Object {
                    "attribs": Object {},
                    "children": Array [
                      Object {
                        "data": "src/App.tsx",
                        "next": null,
                        "parent": [Circular],
                        "prev": null,
                        "type": "text",
                      },
                    ],
                    "name": "code",
                    "namespace": "http://www.w3.org/1999/xhtml",
                    "next": [Circular],
                    "parent": [Circular],
                    "prev": Object {
                      "data": "Edit ",
                      "next": [Circular],
                      "parent": [Circular],
                      "prev": null,
                      "type": "text",
                    },
                    "type": "tag",
                    "x-attribsNamespace": Object {},
                    "x-attribsPrefix": Object {},
                  },
                  "type": "text",
                },
              ],
              "name": "p",
              "namespace": "http://www.w3.org/1999/xhtml",
              "next": [Circular],
              "parent": [Circular],
              "prev": Object {
                "attribs": Object {
                  "alt": "logo",
                  "class": "App-logo",
                  "src": "logo.svg",
                },
                "children": Array [],
                "name": "img",
                "namespace": "http://www.w3.org/1999/xhtml",
                "next": [Circular],
                "parent": [Circular],
                "prev": null,
                "type": "tag",
                "x-attribsNamespace": Object {
                  "alt": undefined,
                  "class": undefined,
                  "src": undefined,
                },
                "x-attribsPrefix": Object {
                  "alt": undefined,
                  "class": undefined,
                  "src": undefined,
                },
              },
              "type": "tag",
              "x-attribsNamespace": Object {},
              "x-attribsPrefix": Object {},
            },
            "type": "tag",
            "x-attribsNamespace": Object {
              "class": undefined,
              "href": undefined,
              "rel": undefined,
              "target": undefined,
            },
            "x-attribsPrefix": Object {
              "class": undefined,
              "href": undefined,
              "rel": undefined,
              "target": undefined,
            },
          },
        ],
        "name": "header",
        "namespace": "http://www.w3.org/1999/xhtml",
        "next": null,
        "parent": [Circular],
        "prev": null,
        "type": "tag",
        "x-attribsNamespace": Object {
          "class": undefined,
        },
        "x-attribsPrefix": Object {
          "class": undefined,
        },
      },
    ],
    "name": "div",
    "namespace": "http://www.w3.org/1999/xhtml",
    "next": null,
    "parent": null,
    "prev": null,
    "root": Object {
      "attribs": Object {},
      "children": Array [
        [Circular],
      ],
      "name": "root",
      "namespace": "http://www.w3.org/1999/xhtml",
      "next": null,
      "parent": null,
      "prev": null,
      "type": "root",
      "x-attribsNamespace": Object {},
      "x-attribsPrefix": Object {},
    },
    "type": "tag",
    "x-attribsNamespace": Object {
      "class": undefined,
    },
    "x-attribsPrefix": Object {
      "class": undefined,
    },
  },
  "_root": [Circular],
  "length": 1,
  "options": Object {
    "decodeEntities": true,
    "normalizeWhitespace": false,
    "withDomLvl1": true,
    "xml": false,
  },
}
`;
